// Jest Snapshot v1, https://goo.gl/fbAQLP

exports[`<NoVehicle /> should be rendered 1`] = `
<div>
  <div
    class="noVehicleContainer"
  >
    <span
      class="noVehicleSpan"
      data-testid="noVehicleSpan"
    >
      No vehicles found
    </span>
  </div>
</div>
`;
