// Jest Snapshot v1, https://goo.gl/fbAQLP

exports[`<PersonCell /> should be rendered 1`] = `<div />`;
